// Jest Snapshot v1, https://goo.gl/fbAQLP

exports[`Pruebas con <HomeScreen /> Debe mostrarse correctamente 1`] = `
<div>
  <h1>
    HomeScreen
  </h1>
  <hr />
  <pre>
    {
   "name": "Marcos",
   "email": "marcos.vidal.007@gmail.com"
}
  </pre>
</div>
`;
